278 0 0 16 64
278 16 0 32 64
278 32 0 48 64
278 48 0 0 64
279 0 0 16 64
279 16 0 32 64
279 32 0 48 64
279 48 0 0 64
280 0 0 16 64
280 16 0 32 64
280 32 0 48 64
280 48 0 0 64
281 0 0 16 64
281 16 0 32 64
281 32 0 48 64
281 48 0 0 64
282 0 0 16 64
282 16 0 32 64
282 32 0 48 64
282 48 0 0 64
283 0 0 16 64
283 16 0 32 64
283 32 0 48 64
283 48 0 0 64
284 0 0 16 64
284 16 0 32 64
284 32 0 48 64
284 48 0 0 64
285 0 0 16 64
285 16 0 32 64
285 32 0 48 64
285 48 0 0 64
285 0 1 16 64
285 0 1 32 64
285 0 1 48 64
286 0 1 16 64
286 0 1 32 64
286 0 1 48 64
287 0 1 16 64
287 0 1 32 64
287 0 1 48 64
288 0 1 16 64
288 0 1 32 64
288 0 1 48 64
289 0 1 16 64
289 0 1 32 64
289 0 1 48 64
290 0 1 16 64
290 0 1 32 64
290 0 1 48 64
291 0 1 16 64
291 0 1 32 64
291 0 1 48 64
292 0 1 16 64
292 0 1 32 64
292 0 1 48 64
1654 0 0 16 64
1654 16 0 32 64
1654 32 0 48 64
1654 48 0 0 64
1655 0 0 16 64
1655 16 0 32 64
1655 32 0 48 64
1655 48 0 0 64
1656 0 0 16 64
1656 16 0 32 64
1656 32 0 48 64
1656 48 0 0 64
1657 0 0 16 64
1657 16 0 32 64
1657 32 0 48 64
1657 48 0 0 64
1658 0 0 16 64
1658 16 0 32 64
1658 32 0 48 64
1658 48 0 0 64
1659 0 0 16 64
1659 16 0 32 64
1659 32 0 48 64
1659 48 0 0 64
1660 0 0 16 64
1660 16 0 32 64
1660 32 0 48 64
1660 48 0 0 64
1661 0 0 16 64
1661 16 0 32 64
1661 32 0 48 64
1661 48 0 0 64
1661 0 1 16 64
1661 0 1 32 64
1661 0 1 48 64
1662 0 1 16 64
1662 0 1 32 64
1662 0 1 48 64
1663 0 1 16 64
1663 0 1 32 64
1663 0 1 48 64
1664 0 1 16 64
1664 0 1 32 64
1664 0 1 48 64
1665 0 1 16 64
1665 0 1 32 64
1665 0 1 48 64
1666 0 1 16 64
1666 0 1 32 64
1666 0 1 48 64
1667 0 1 16 64
1667 0 1 32 64
1667 0 1 48 64
1668 0 1 16 64
1668 0 1 32 64
1668 0 1 48 64
3030 0 0 16 64
3030 16 0 32 64
3030 32 0 48 64
3030 48 0 0 64
3031 0 0 16 64
3031 16 0 32 64
3031 32 0 48 64
3031 48 0 0 64
3032 0 0 16 64
3032 16 0 32 64
3032 32 0 48 64
3032 48 0 0 64
3033 0 0 16 64
3033 16 0 32 64
3033 32 0 48 64
3033 48 0 0 64
3034 0 0 16 64
3034 16 0 32 64
3034 32 0 48 64
3034 48 0 0 64
3035 0 0 16 64
3035 16 0 32 64
3035 32 0 48 64
3035 48 0 0 64
3036 0 0 16 64
3036 16 0 32 64
3036 32 0 48 64
3036 48 0 0 64
3037 0 0 16 64
3037 16 0 32 64
3037 32 0 48 64
3037 48 0 0 64
3037 0 1 16 64
3037 0 1 32 64
3037 0 1 48 64
3038 0 1 16 64
3038 0 1 32 64
3038 0 1 48 64
3039 0 1 16 64
3039 0 1 32 64
3039 0 1 48 64
3040 0 1 16 64
3040 0 1 32 64
3040 0 1 48 64
3041 0 1 16 64
3041 0 1 32 64
3041 0 1 48 64
3042 0 1 16 64
3042 0 1 32 64
3042 0 1 48 64
3043 0 1 16 64
3043 0 1 32 64
3043 0 1 48 64
3044 0 1 16 64
3044 0 1 32 64
3044 0 1 48 64
4406 0 0 16 64
4406 16 0 32 64
4406 32 0 48 64
4406 48 0 0 64
4407 0 0 16 64
4407 16 0 32 64
4407 32 0 48 64
4407 48 0 0 64
4408 0 0 16 64
4408 16 0 32 64
4408 32 0 48 64
4408 48 0 0 64
4409 0 0 16 64
4409 16 0 32 64
4409 32 0 48 64
4409 48 0 0 64
4410 0 0 16 64
4410 16 0 32 64
4410 32 0 48 64
4410 48 0 0 64
4411 0 0 16 64
4411 16 0 32 64
4411 32 0 48 64
4411 48 0 0 64
4412 0 0 16 64
4412 16 0 32 64
4412 32 0 48 64
4412 48 0 0 64
4413 0 0 16 64
4413 16 0 32 64
4413 32 0 48 64
4413 48 0 0 64
4413 0 1 16 64
4413 0 1 32 64
4413 0 1 48 64
4414 0 1 16 64
4414 0 1 32 64
4414 0 1 48 64
4415 0 1 16 64
4415 0 1 32 64
4415 0 1 48 64
4416 0 1 16 64
4416 0 1 32 64
4416 0 1 48 64
4417 0 1 16 64
4417 0 1 32 64
4417 0 1 48 64
4418 0 1 16 64
4418 0 1 32 64
4418 0 1 48 64
4419 0 1 16 64
4419 0 1 32 64
4419 0 1 48 64
4420 0 1 16 64
4420 0 1 32 64
4420 0 1 48 64
5782 0 0 16 64
5782 16 0 32 64
5782 32 0 48 64
5782 48 0 0 64
5783 0 0 16 64
5783 16 0 32 64
5783 32 0 48 64
5783 48 0 0 64
5784 0 0 16 64
5784 16 0 32 64
5784 32 0 48 64
5784 48 0 0 64
5785 0 0 16 64
5785 16 0 32 64
5785 32 0 48 64
5785 48 0 0 64
5786 0 0 16 64
5786 16 0 32 64
5786 32 0 48 64
5786 48 0 0 64
5787 0 0 16 64
5787 16 0 32 64
5787 32 0 48 64
5787 48 0 0 64
5788 0 0 16 64
5788 16 0 32 64
5788 32 0 48 64
5788 48 0 0 64
5789 0 0 16 64
5789 16 0 32 64
5789 32 0 48 64
5789 48 0 0 64
5789 0 1 16 64
5789 0 1 32 64
5789 0 1 48 64
5790 0 1 16 64
5790 0 1 32 64
5790 0 1 48 64
5791 0 1 16 64
5791 0 1 32 64
5791 0 1 48 64
5792 0 1 16 64
5792 0 1 32 64
5792 0 1 48 64
5793 0 1 16 64
5793 0 1 32 64
5793 0 1 48 64
5794 0 1 16 64
5794 0 1 32 64
5794 0 1 48 64
5795 0 1 16 64
5795 0 1 32 64
5795 0 1 48 64
5796 0 1 16 64
5796 0 1 32 64
5796 0 1 48 64
7158 0 0 16 64
7158 16 0 32 64
7158 32 0 48 64
7158 48 0 0 64
7159 0 0 16 64
7159 16 0 32 64
7159 32 0 48 64
7159 48 0 0 64
7160 0 0 16 64
7160 16 0 32 64
7160 32 0 48 64
7160 48 0 0 64
7161 0 0 16 64
7161 16 0 32 64
7161 32 0 48 64
7161 48 0 0 64
7162 0 0 16 64
7162 16 0 32 64
7162 32 0 48 64
7162 48 0 0 64
7163 0 0 16 64
7163 16 0 32 64
7163 32 0 48 64
7163 48 0 0 64
7164 0 0 16 64
7164 16 0 32 64
7164 32 0 48 64
7164 48 0 0 64
7165 0 0 16 64
7165 16 0 32 64
7165 32 0 48 64
7165 48 0 0 64
7165 0 1 16 64
7165 0 1 32 64
7165 0 1 48 64
7166 0 1 16 64
7166 0 1 32 64
7166 0 1 48 64
7167 0 1 16 64
7167 0 1 32 64
7167 0 1 48 64
7168 0 1 16 64
7168 0 1 32 64
7168 0 1 48 64
7169 0 1 16 64
7169 0 1 32 64
7169 0 1 48 64
7170 0 1 16 64
7170 0 1 32 64
7170 0 1 48 64
7171 0 1 16 64
7171 0 1 32 64
7171 0 1 48 64
7172 0 1 16 64
7172 0 1 32 64
7172 0 1 48 64
8534 0 0 16 64
8534 16 0 32 64
8534 32 0 48 64
8534 48 0 0 64
8535 0 0 16 64
8535 16 0 32 64
8535 32 0 48 64
8535 48 0 0 64
8536 0 0 16 64
8536 16 0 32 64
8536 32 0 48 64
8536 48 0 0 64
8537 0 0 16 64
8537 16 0 32 64
8537 32 0 48 64
8537 48 0 0 64
8538 0 0 16 64
8538 16 0 32 64
8538 32 0 48 64
8538 48 0 0 64
8539 0 0 16 64
8539 16 0 32 64
8539 32 0 48 64
8539 48 0 0 64
8540 0 0 16 64
8540 16 0 32 64
8540 32 0 48 64
8540 48 0 0 64
8541 0 0 16 64
8541 16 0 32 64
8541 32 0 48 64
8541 48 0 0 64
8541 0 1 16 64
8541 0 1 32 64
8541 0 1 48 64
8542 0 1 16 64
8542 0 1 32 64
8542 0 1 48 64
8543 0 1 16 64
8543 0 1 32 64
8543 0 1 48 64
8544 0 1 16 64
8544 0 1 32 64
8544 0 1 48 64
8545 0 1 16 64
8545 0 1 32 64
8545 0 1 48 64
8546 0 1 16 64
8546 0 1 32 64
8546 0 1 48 64
8547 0 1 16 64
8547 0 1 32 64
8547 0 1 48 64
8548 0 1 16 64
8548 0 1 32 64
8548 0 1 48 64
9910 0 0 16 64
9910 16 0 32 64
9910 32 0 48 64
9910 48 0 0 64
9911 0 0 16 64
9911 16 0 32 64
9911 32 0 48 64
9911 48 0 0 64
9912 0 0 16 64
9912 16 0 32 64
9912 32 0 48 64
9912 48 0 0 64
9913 0 0 16 64
9913 16 0 32 64
9913 32 0 48 64
9913 48 0 0 64
9914 0 0 16 64
9914 16 0 32 64
9914 32 0 48 64
9914 48 0 0 64
9915 0 0 16 64
9915 16 0 32 64
9915 32 0 48 64
9915 48 0 0 64
9916 0 0 16 64
9916 16 0 32 64
9916 32 0 48 64
9916 48 0 0 64
9917 0 0 16 64
9917 16 0 32 64
9917 32 0 48 64
9917 48 0 0 64
9917 0 1 16 64
9917 0 1 32 64
9917 0 1 48 64
9918 0 1 16 64
9918 0 1 32 64
9918 0 1 48 64
9919 0 1 16 64
9919 0 1 32 64
9919 0 1 48 64
9920 0 1 16 64
9920 0 1 32 64
9920 0 1 48 64
9921 0 1 16 64
9921 0 1 32 64
9921 0 1 48 64
9922 0 1 16 64
9922 0 1 32 64
9922 0 1 48 64
9923 0 1 16 64
9923 0 1 32 64
9923 0 1 48 64
9924 0 1 16 64
9924 0 1 32 64
9924 0 1 48 64
11286 0 0 16 64
11286 16 0 32 64
11286 32 0 48 64
11286 48 0 0 64
11287 0 0 16 64
11287 16 0 32 64
11287 32 0 48 64
11287 48 0 0 64
11288 0 0 16 64
11288 16 0 32 64
11288 32 0 48 64
11288 48 0 0 64
11289 0 0 16 64
11289 16 0 32 64
11289 32 0 48 64
11289 48 0 0 64
11290 0 0 16 64
11290 16 0 32 64
11290 32 0 48 64
11290 48 0 0 64
11291 0 0 16 64
11291 16 0 32 64
11291 32 0 48 64
11291 48 0 0 64
11292 0 0 16 64
11292 16 0 32 64
11292 32 0 48 64
11292 48 0 0 64
11293 0 0 16 64
11293 16 0 32 64
11293 32 0 48 64
11293 48 0 0 64
11293 0 1 16 64
11293 0 1 32 64
11293 0 1 48 64
11294 0 1 16 64
11294 0 1 32 64
11294 0 1 48 64
11295 0 1 16 64
11295 0 1 32 64
11295 0 1 48 64
11296 0 1 16 64
11296 0 1 32 64
11296 0 1 48 64
11297 0 1 16 64
11297 0 1 32 64
11297 0 1 48 64
11298 0 1 16 64
11298 0 1 32 64
11298 0 1 48 64
11299 0 1 16 64
11299 0 1 32 64
11299 0 1 48 64
11300 0 1 16 64
11300 0 1 32 64
11300 0 1 48 64
12662 0 0 16 64
12662 16 0 32 64
12662 32 0 48 64
12662 48 0 0 64
12663 0 0 16 64
12663 16 0 32 64
12663 32 0 48 64
12663 48 0 0 64
12664 0 0 16 64
12664 16 0 32 64
12664 32 0 48 64
12664 48 0 0 64
12665 0 0 16 64
12665 16 0 32 64
12665 32 0 48 64
12665 48 0 0 64
12666 0 0 16 64
12666 16 0 32 64
12666 32 0 48 64
12666 48 0 0 64
12667 0 0 16 64
12667 16 0 32 64
12667 32 0 48 64
12667 48 0 0 64
12668 0 0 16 64
12668 16 0 32 64
12668 32 0 48 64
12668 48 0 0 64
12669 0 0 16 64
12669 16 0 32 64
12669 32 0 48 64
12669 48 0 0 64
12669 0 1 16 64
12669 0 1 32 64
12669 0 1 48 64
12670 0 1 16 64
12670 0 1 32 64
12670 0 1 48 64
12671 0 1 16 64
12671 0 1 32 64
12671 0 1 48 64
12672 0 1 16 64
12672 0 1 32 64
12672 0 1 48 64
12673 0 1 16 64
12673 0 1 32 64
12673 0 1 48 64
12674 0 1 16 64
12674 0 1 32 64
12674 0 1 48 64
12675 0 1 16 64
12675 0 1 32 64
12675 0 1 48 64
12676 0 1 16 64
12676 0 1 32 64
12676 0 1 48 64
14038 0 0 16 64
14038 16 0 32 64
14038 32 0 48 64
14038 48 0 0 64
14039 0 0 16 64
14039 16 0 32 64
14039 32 0 48 64
14039 48 0 0 64
14040 0 0 16 64
14040 16 0 32 64
14040 32 0 48 64
14040 48 0 0 64
14041 0 0 16 64
14041 16 0 32 64
14041 32 0 48 64
14041 48 0 0 64
14042 0 0 16 64
14042 16 0 32 64
14042 32 0 48 64
14042 48 0 0 64
14043 0 0 16 64
14043 16 0 32 64
14043 32 0 48 64
14043 48 0 0 64
14044 0 0 16 64
14044 16 0 32 64
14044 32 0 48 64
14044 48 0 0 64
14045 0 0 16 64
14045 16 0 32 64
14045 32 0 48 64
14045 48 0 0 64
14045 0 1 16 64
14045 0 1 32 64
14045 0 1 48 64
14046 0 1 16 64
14046 0 1 32 64
14046 0 1 48 64
14047 0 1 16 64
14047 0 1 32 64
14047 0 1 48 64
14048 0 1 16 64
14048 0 1 32 64
14048 0 1 48 64
14049 0 1 16 64
14049 0 1 32 64
14049 0 1 48 64
14050 0 1 16 64
14050 0 1 32 64
14050 0 1 48 64
14051 0 1 16 64
14051 0 1 32 64
14051 0 1 48 64
14052 0 1 16 64
14052 0 1 32 64
14052 0 1 48 64
15414 0 0 16 64
15414 16 0 32 64
15414 32 0 48 64
15414 48 0 0 64
15415 0 0 16 64
15415 16 0 32 64
15415 32 0 48 64
15415 48 0 0 64
15416 0 0 16 64
15416 16 0 32 64
15416 32 0 48 64
15416 48 0 0 64
15417 0 0 16 64
15417 16 0 32 64
15417 32 0 48 64
15417 48 0 0 64
15418 0 0 16 64
15418 16 0 32 64
15418 32 0 48 64
15418 48 0 0 64
15419 0 0 16 64
15419 16 0 32 64
15419 32 0 48 64
15419 48 0 0 64
15420 0 0 16 64
15420 16 0 32 64
15420 32 0 48 64
15420 48 0 0 64
15421 0 0 16 64
15421 16 0 32 64
15421 32 0 48 64
15421 48 0 0 64
15421 0 1 16 64
15421 0 1 32 64
15421 0 1 48 64
15422 0 1 16 64
15422 0 1 32 64
15422 0 1 48 64
15423 0 1 16 64
15423 0 1 32 64
15423 0 1 48 64
15424 0 1 16 64
15424 0 1 32 64
15424 0 1 48 64
15425 0 1 16 64
15425 0 1 32 64
15425 0 1 48 64
15426 0 1 16 64
15426 0 1 32 64
15426 0 1 48 64
15427 0 1 16 64
15427 0 1 32 64
15427 0 1 48 64
15428 0 1 16 64
15428 0 1 32 64
15428 0 1 48 64
16790 0 0 16 64
16790 16 0 32 64
16790 32 0 48 64
16790 48 0 0 64
16791 0 0 16 64
16791 16 0 32 64
16791 32 0 48 64
16791 48 0 0 64
16792 0 0 16 64
16792 16 0 32 64
16792 32 0 48 64
16792 48 0 0 64
16793 0 0 16 64
16793 16 0 32 64
16793 32 0 48 64
16793 48 0 0 64
16794 0 0 16 64
16794 16 0 32 64
16794 32 0 48 64
16794 48 0 0 64
16795 0 0 16 64
16795 16 0 32 64
16795 32 0 48 64
16795 48 0 0 64
16796 0 0 16 64
16796 16 0 32 64
16796 32 0 48 64
16796 48 0 0 64
16797 0 0 16 64
16797 16 0 32 64
16797 32 0 48 64
16797 48 0 0 64
16797 0 1 16 64
16797 0 1 32 64
16797 0 1 48 64
16798 0 1 16 64
16798 0 1 32 64
16798 0 1 48 64
16799 0 1 16 64
16799 0 1 32 64
16799 0 1 48 64
16800 0 1 16 64
16800 0 1 32 64
16800 0 1 48 64
16801 0 1 16 64
16801 0 1 32 64
16801 0 1 48 64
16802 0 1 16 64
16802 0 1 32 64
16802 0 1 48 64
16803 0 1 16 64
16803 0 1 32 64
16803 0 1 48 64
16804 0 1 16 64
16804 0 1 32 64
16804 0 1 48 64
18166 0 0 16 64
18166 16 0 32 64
18166 32 0 48 64
18166 48 0 0 64
18167 0 0 16 64
18167 16 0 32 64
18167 32 0 48 64
18167 48 0 0 64
18168 0 0 16 64
18168 16 0 32 64
18168 32 0 48 64
18168 48 0 0 64
18169 0 0 16 64
18169 16 0 32 64
18169 32 0 48 64
18169 48 0 0 64
18170 0 0 16 64
18170 16 0 32 64
18170 32 0 48 64
18170 48 0 0 64
18171 0 0 16 64
18171 16 0 32 64
18171 32 0 48 64
18171 48 0 0 64
18172 0 0 16 64
18172 16 0 32 64
18172 32 0 48 64
18172 48 0 0 64
18173 0 0 16 64
18173 16 0 32 64
18173 32 0 48 64
18173 48 0 0 64
18173 0 1 16 64
18173 0 1 32 64
18173 0 1 48 64
18174 0 1 16 64
18174 0 1 32 64
18174 0 1 48 64
18175 0 1 16 64
18175 0 1 32 64
18175 0 1 48 64
18176 0 1 16 64
18176 0 1 32 64
18176 0 1 48 64
18177 0 1 16 64
18177 0 1 32 64
18177 0 1 48 64
18178 0 1 16 64
18178 0 1 32 64
18178 0 1 48 64
18179 0 1 16 64
18179 0 1 32 64
18179 0 1 48 64
18180 0 1 16 64
18180 0 1 32 64
18180 0 1 48 64
19542 0 0 16 64
19542 16 0 32 64
19542 32 0 48 64
19542 48 0 0 64
19543 0 0 16 64
19543 16 0 32 64
19543 32 0 48 64
19543 48 0 0 64
19544 0 0 16 64
19544 16 0 32 64
19544 32 0 48 64
19544 48 0 0 64
19545 0 0 16 64
19545 16 0 32 64
19545 32 0 48 64
19545 48 0 0 64
19546 0 0 16 64
19546 16 0 32 64
19546 32 0 48 64
19546 48 0 0 64
19547 0 0 16 64
19547 16 0 32 64
19547 32 0 48 64
19547 48 0 0 64
19548 0 0 16 64
19548 16 0 32 64
19548 32 0 48 64
19548 48 0 0 64
19549 0 0 16 64
19549 16 0 32 64
19549 32 0 48 64
19549 48 0 0 64
19549 0 1 16 64
19549 0 1 32 64
19549 0 1 48 64
19550 0 1 16 64
19550 0 1 32 64
19550 0 1 48 64
19551 0 1 16 64
19551 0 1 32 64
19551 0 1 48 64
19552 0 1 16 64
19552 0 1 32 64
19552 0 1 48 64
19553 0 1 16 64
19553 0 1 32 64
19553 0 1 48 64
19554 0 1 16 64
19554 0 1 32 64
19554 0 1 48 64
19555 0 1 16 64
19555 0 1 32 64
19555 0 1 48 64
19556 0 1 16 64
19556 0 1 32 64
19556 0 1 48 64
20918 0 0 16 64
20918 16 0 32 64
20918 32 0 48 64
20918 48 0 0 64
20919 0 0 16 64
20919 16 0 32 64
20919 32 0 48 64
20919 48 0 0 64
20920 0 0 16 64
20920 16 0 32 64
20920 32 0 48 64
20920 48 0 0 64
20921 0 0 16 64
20921 16 0 32 64
20921 32 0 48 64
20921 48 0 0 64
20922 0 0 16 64
20922 16 0 32 64
20922 32 0 48 64
20922 48 0 0 64
20923 0 0 16 64
20923 16 0 32 64
20923 32 0 48 64
20923 48 0 0 64
20924 0 0 16 64
20924 16 0 32 64
20924 32 0 48 64
20924 48 0 0 64
20925 0 0 16 64
20925 16 0 32 64
20925 32 0 48 64
20925 48 0 0 64
20925 0 1 16 64
20925 0 1 32 64
20925 0 1 48 64
20926 0 1 16 64
20926 0 1 32 64
20926 0 1 48 64
20927 0 1 16 64
20927 0 1 32 64
20927 0 1 48 64
20928 0 1 16 64
20928 0 1 32 64
20928 0 1 48 64
20929 0 1 16 64
20929 0 1 32 64
20929 0 1 48 64
20930 0 1 16 64
20930 0 1 32 64
20930 0 1 48 64
20931 0 1 16 64
20931 0 1 32 64
20931 0 1 48 64
20932 0 1 16 64
20932 0 1 32 64
20932 0 1 48 64
22294 0 0 16 64
22294 16 0 32 64
22294 32 0 48 64
22294 48 0 0 64
22295 0 0 16 64
22295 16 0 32 64
22295 32 0 48 64
22295 48 0 0 64
22296 0 0 16 64
22296 16 0 32 64
22296 32 0 48 64
22296 48 0 0 64
22297 0 0 16 64
22297 16 0 32 64
22297 32 0 48 64
22297 48 0 0 64
22298 0 0 16 64
22298 16 0 32 64
22298 32 0 48 64
22298 48 0 0 64
22299 0 0 16 64
22299 16 0 32 64
22299 32 0 48 64
22299 48 0 0 64
22300 0 0 16 64
22300 16 0 32 64
22300 32 0 48 64
22300 48 0 0 64
22301 0 0 16 64
22301 16 0 32 64
22301 32 0 48 64
22301 48 0 0 64
22301 0 1 16 64
22301 0 1 32 64
22301 0 1 48 64
22302 0 1 16 64
22302 0 1 32 64
22302 0 1 48 64
22303 0 1 16 64
22303 0 1 32 64
22303 0 1 48 64
22304 0 1 16 64
22304 0 1 32 64
22304 0 1 48 64
22305 0 1 16 64
22305 0 1 32 64
22305 0 1 48 64
22306 0 1 16 64
22306 0 1 32 64
22306 0 1 48 64
22307 0 1 16 64
22307 0 1 32 64
22307 0 1 48 64
22308 0 1 16 64
22308 0 1 32 64
22308 0 1 48 64
23670 0 0 16 64
23670 16 0 32 64
23670 32 0 48 64
23670 48 0 0 64
23671 0 0 16 64
23671 16 0 32 64
23671 32 0 48 64
23671 48 0 0 64
23672 0 0 16 64
23672 16 0 32 64
23672 32 0 48 64
23672 48 0 0 64
23673 0 0 16 64
23673 16 0 32 64
23673 32 0 48 64
23673 48 0 0 64
23674 0 0 16 64
23674 16 0 32 64
23674 32 0 48 64
23674 48 0 0 64
23675 0 0 16 64
23675 16 0 32 64
23675 32 0 48 64
23675 48 0 0 64
23676 0 0 16 64
23676 16 0 32 64
23676 32 0 48 64
23676 48 0 0 64
23677 0 0 16 64
23677 16 0 32 64
23677 32 0 48 64
23677 48 0 0 64
23677 0 1 16 64
23677 0 1 32 64
23677 0 1 48 64
23678 0 1 16 64
23678 0 1 32 64
23678 0 1 48 64
23679 0 1 16 64
23679 0 1 32 64
23679 0 1 48 64
23680 0 1 16 64
23680 0 1 32 64
23680 0 1 48 64
23681 0 1 16 64
23681 0 1 32 64
23681 0 1 48 64
23682 0 1 16 64
23682 0 1 32 64
23682 0 1 48 64
23683 0 1 16 64
23683 0 1 32 64
23683 0 1 48 64
23684 0 1 16 64
23684 0 1 32 64
23684 0 1 48 64
25046 0 0 16 64
25046 16 0 32 64
25046 32 0 48 64
25046 48 0 0 64
25047 0 0 16 64
25047 16 0 32 64
25047 32 0 48 64
25047 48 0 0 64
25048 0 0 16 64
25048 16 0 32 64
25048 32 0 48 64
25048 48 0 0 64
25049 0 0 16 64
25049 16 0 32 64
25049 32 0 48 64
25049 48 0 0 64
25050 0 0 16 64
25050 16 0 32 64
25050 32 0 48 64
25050 48 0 0 64
25051 0 0 16 64
25051 16 0 32 64
25051 32 0 48 64
25051 48 0 0 64
25052 0 0 16 64
25052 16 0 32 64
25052 32 0 48 64
25052 48 0 0 64
25053 0 0 16 64
25053 16 0 32 64
25053 32 0 48 64
25053 48 0 0 64
25053 0 1 16 64
25053 0 1 32 64
25053 0 1 48 64
25054 0 1 16 64
25054 0 1 32 64
25054 0 1 48 64
25055 0 1 16 64
25055 0 1 32 64
25055 0 1 48 64
25056 0 1 16 64
25056 0 1 32 64
25056 0 1 48 64
25057 0 1 16 64
25057 0 1 32 64
25057 0 1 48 64
25058 0 1 16 64
25058 0 1 32 64
25058 0 1 48 64
25059 0 1 16 64
25059 0 1 32 64
25059 0 1 48 64
25060 0 1 16 64
25060 0 1 32 64
25060 0 1 48 64
26422 0 0 16 64
26422 16 0 32 64
26422 32 0 48 64
26422 48 0 0 64
26423 0 0 16 64
26423 16 0 32 64
26423 32 0 48 64
26423 48 0 0 64
26424 0 0 16 64
26424 16 0 32 64
26424 32 0 48 64
26424 48 0 0 64
26425 0 0 16 64
26425 16 0 32 64
26425 32 0 48 64
26425 48 0 0 64
26426 0 0 16 64
26426 16 0 32 64
26426 32 0 48 64
26426 48 0 0 64
26427 0 0 16 64
26427 16 0 32 64
26427 32 0 48 64
26427 48 0 0 64
26428 0 0 16 64
26428 16 0 32 64
26428 32 0 48 64
26428 48 0 0 64
26429 0 0 16 64
26429 16 0 32 64
26429 32 0 48 64
26429 48 0 0 64
26429 0 1 16 64
26429 0 1 32 64
26429 0 1 48 64
26430 0 1 16 64
26430 0 1 32 64
26430 0 1 48 64
26431 0 1 16 64
26431 0 1 32 64
26431 0 1 48 64
26432 0 1 16 64
26432 0 1 32 64
26432 0 1 48 64
26433 0 1 16 64
26433 0 1 32 64
26433 0 1 48 64
26434 0 1 16 64
26434 0 1 32 64
26434 0 1 48 64
26435 0 1 16 64
26435 0 1 32 64
26435 0 1 48 64
26436 0 1 16 64
26436 0 1 32 64
26436 0 1 48 64
27798 0 0 16 64
27798 16 0 32 64
27798 32 0 48 64
27798 48 0 0 64
27799 0 0 16 64
27799 16 0 32 64
27799 32 0 48 64
27799 48 0 0 64
27800 0 0 16 64
27800 16 0 32 64
27800 32 0 48 64
27800 48 0 0 64
27801 0 0 16 64
27801 16 0 32 64
27801 32 0 48 64
27801 48 0 0 64
27802 0 0 16 64
27802 16 0 32 64
27802 32 0 48 64
27802 48 0 0 64
27803 0 0 16 64
27803 16 0 32 64
27803 32 0 48 64
27803 48 0 0 64
27804 0 0 16 64
27804 16 0 32 64
27804 32 0 48 64
27804 48 0 0 64
27805 0 0 16 64
27805 16 0 32 64
27805 32 0 48 64
27805 48 0 0 64
27805 0 1 16 64
27805 0 1 32 64
27805 0 1 48 64
27806 0 1 16 64
27806 0 1 32 64
27806 0 1 48 64
27807 0 1 16 64
27807 0 1 32 64
27807 0 1 48 64
27808 0 1 16 64
27808 0 1 32 64
27808 0 1 48 64
27809 0 1 16 64
27809 0 1 32 64
27809 0 1 48 64
27810 0 1 16 64
27810 0 1 32 64
27810 0 1 48 64
27811 0 1 16 64
27811 0 1 32 64
27811 0 1 48 64
27812 0 1 16 64
27812 0 1 32 64
27812 0 1 48 64
29174 0 0 16 64
29174 16 0 32 64
29174 32 0 48 64
29174 48 0 0 64
29175 0 0 16 64
29175 16 0 32 64
29175 32 0 48 64
29175 48 0 0 64
29176 0 0 16 64
29176 16 0 32 64
29176 32 0 48 64
29176 48 0 0 64
29177 0 0 16 64
29177 16 0 32 64
29177 32 0 48 64
29177 48 0 0 64
29178 0 0 16 64
29178 16 0 32 64
29178 32 0 48 64
29178 48 0 0 64
29179 0 0 16 64
29179 16 0 32 64
29179 32 0 48 64
29179 48 0 0 64
29180 0 0 16 64
29180 16 0 32 64
29180 32 0 48 64
29180 48 0 0 64
29181 0 0 16 64
29181 16 0 32 64
29181 32 0 48 64
29181 48 0 0 64
29181 0 1 16 64
29181 0 1 32 64
29181 0 1 48 64
29182 0 1 16 64
29182 0 1 32 64
29182 0 1 48 64
29183 0 1 16 64
29183 0 1 32 64
29183 0 1 48 64
29184 0 1 16 64
29184 0 1 32 64
29184 0 1 48 64
29185 0 1 16 64
29185 0 1 32 64
29185 0 1 48 64
29186 0 1 16 64
29186 0 1 32 64
29186 0 1 48 64
29187 0 1 16 64
29187 0 1 32 64
29187 0 1 48 64
29188 0 1 16 64
29188 0 1 32 64
29188 0 1 48 64
30550 0 0 16 64
30550 16 0 32 64
30550 32 0 48 64
30550 48 0 0 64
30551 0 0 16 64
30551 16 0 32 64
30551 32 0 48 64
30551 48 0 0 64
30552 0 0 16 64
30552 16 0 32 64
30552 32 0 48 64
30552 48 0 0 64
30553 0 0 16 64
30553 16 0 32 64
30553 32 0 48 64
30553 48 0 0 64
30554 0 0 16 64
30554 16 0 32 64
30554 32 0 48 64
30554 48 0 0 64
30555 0 0 16 64
30555 16 0 32 64
30555 32 0 48 64
30555 48 0 0 64
30556 0 0 16 64
30556 16 0 32 64
30556 32 0 48 64
30556 48 0 0 64
30557 0 0 16 64
30557 16 0 32 64
30557 32 0 48 64
30557 48 0 0 64
30557 0 1 16 64
30557 0 1 32 64
30557 0 1 48 64
30558 0 1 16 64
30558 0 1 32 64
30558 0 1 48 64
30559 0 1 16 64
30559 0 1 32 64
30559 0 1 48 64
30560 0 1 16 64
30560 0 1 32 64
30560 0 1 48 64
30561 0 1 16 64
30561 0 1 32 64
30561 0 1 48 64
30562 0 1 16 64
30562 0 1 32 64
30562 0 1 48 64
30563 0 1 16 64
30563 0 1 32 64
30563 0 1 48 64
30564 0 1 16 64
30564 0 1 32 64
30564 0 1 48 64
31926 0 0 16 64
31926 16 0 32 64
31926 32 0 48 64
31926 48 0 0 64
31927 0 0 16 64
31927 16 0 32 64
31927 32 0 48 64
31927 48 0 0 64
31928 0 0 16 64
31928 16 0 32 64
31928 32 0 48 64
31928 48 0 0 64
31929 0 0 16 64
31929 16 0 32 64
31929 32 0 48 64
31929 48 0 0 64
31930 0 0 16 64
31930 16 0 32 64
31930 32 0 48 64
31930 48 0 0 64
31931 0 0 16 64
31931 16 0 32 64
31931 32 0 48 64
31931 48 0 0 64
31932 0 0 16 64
31932 16 0 32 64
31932 32 0 48 64
31932 48 0 0 64
31933 0 0 16 64
31933 16 0 32 64
31933 32 0 48 64
31933 48 0 0 64
31933 0 1 16 64
31933 0 1 32 64
31933 0 1 48 64
31934 0 1 16 64
31934 0 1 32 64
31934 0 1 48 64
31935 0 1 16 64
31935 0 1 32 64
31935 0 1 48 64
31936 0 1 16 64
31936 0 1 32 64
31936 0 1 48 64
31937 0 1 16 64
31937 0 1 32 64
31937 0 1 48 64
31938 0 1 16 64
31938 0 1 32 64
31938 0 1 48 64
31939 0 1 16 64
31939 0 1 32 64
31939 0 1 48 64
31940 0 1 16 64
31940 0 1 32 64
31940 0 1 48 64
33302 0 0 16 64
33302 16 0 32 64
33302 32 0 48 64
33302 48 0 0 64
33303 0 0 16 64
33303 16 0 32 64
33303 32 0 48 64
33303 48 0 0 64
33304 0 0 16 64
33304 16 0 32 64
33304 32 0 48 64
33304 48 0 0 64
33305 0 0 16 64
33305 16 0 32 64
33305 32 0 48 64
33305 48 0 0 64
33306 0 0 16 64
33306 16 0 32 64
33306 32 0 48 64
33306 48 0 0 64
33307 0 0 16 64
33307 16 0 32 64
33307 32 0 48 64
33307 48 0 0 64
33308 0 0 16 64
33308 16 0 32 64
33308 32 0 48 64
33308 48 0 0 64
33309 0 0 16 64
33309 16 0 32 64
33309 32 0 48 64
33309 48 0 0 64
33309 0 1 16 64
33309 0 1 32 64
33309 0 1 48 64
33310 0 1 16 64
33310 0 1 32 64
33310 0 1 48 64
33311 0 1 16 64
33311 0 1 32 64
33311 0 1 48 64
33312 0 1 16 64
33312 0 1 32 64
33312 0 1 48 64
33313 0 1 16 64
33313 0 1 32 64
33313 0 1 48 64
33314 0 1 16 64
33314 0 1 32 64
33314 0 1 48 64
33315 0 1 16 64
33315 0 1 32 64
33315 0 1 48 64
33316 0 1 16 64
33316 0 1 32 64
33316 0 1 48 64
34678 0 0 16 64
34678 16 0 32 64
34678 32 0 48 64
34678 48 0 0 64
34679 0 0 16 64
34679 16 0 32 64
34679 32 0 48 64
34679 48 0 0 64
34680 0 0 16 64
34680 16 0 32 64
34680 32 0 48 64
34680 48 0 0 64
34681 0 0 16 64
34681 16 0 32 64
34681 32 0 48 64
34681 48 0 0 64
34682 0 0 16 64
34682 16 0 32 64
34682 32 0 48 64
34682 48 0 0 64
34683 0 0 16 64
34683 16 0 32 64
34683 32 0 48 64
34683 48 0 0 64
34684 0 0 16 64
34684 16 0 32 64
34684 32 0 48 64
34684 48 0 0 64
34685 0 0 16 64
34685 16 0 32 64
34685 32 0 48 64
34685 48 0 0 64
34685 0 1 16 64
34685 0 1 32 64
34685 0 1 48 64
34686 0 1 16 64
34686 0 1 32 64
34686 0 1 48 64
34687 0 1 16 64
34687 0 1 32 64
34687 0 1 48 64
34688 0 1 16 64
34688 0 1 32 64
34688 0 1 48 64
34689 0 1 16 64
34689 0 1 32 64
34689 0 1 48 64
34690 0 1 16 64
34690 0 1 32 64
34690 0 1 48 64
34691 0 1 16 64
34691 0 1 32 64
34691 0 1 48 64
34692 0 1 16 64
34692 0 1 32 64
34692 0 1 48 64
36054 0 0 16 64
36054 16 0 32 64
36054 32 0 48 64
36054 48 0 0 64
36055 0 0 16 64
36055 16 0 32 64
36055 32 0 48 64
36055 48 0 0 64
36056 0 0 16 64
36056 16 0 32 64
36056 32 0 48 64
36056 48 0 0 64
36057 0 0 16 64
36057 16 0 32 64
36057 32 0 48 64
36057 48 0 0 64
36058 0 0 16 64
36058 16 0 32 64
36058 32 0 48 64
36058 48 0 0 64
36059 0 0 16 64
36059 16 0 32 64
36059 32 0 48 64
36059 48 0 0 64
36060 0 0 16 64
36060 16 0 32 64
36060 32 0 48 64
36060 48 0 0 64
36061 0 0 16 64
36061 16 0 32 64
36061 32 0 48 64
36061 48 0 0 64
36061 0 1 16 64
36061 0 1 32 64
36061 0 1 48 64
36062 0 1 16 64
36062 0 1 32 64
36062 0 1 48 64
36063 0 1 16 64
36063 0 1 32 64
36063 0 1 48 64
36064 0 1 16 64
36064 0 1 32 64
36064 0 1 48 64
36065 0 1 16 64
36065 0 1 32 64
36065 0 1 48 64
36066 0 1 16 64
36066 0 1 32 64
36066 0 1 48 64
36067 0 1 16 64
36067 0 1 32 64
36067 0 1 48 64
36068 0 1 16 64
36068 0 1 32 64
36068 0 1 48 64
37430 0 0 16 64
37430 16 0 32 64
37430 32 0 48 64
37430 48 0 0 64
37431 0 0 16 64
37431 16 0 32 64
37431 32 0 48 64
37431 48 0 0 64
37432 0 0 16 64
37432 16 0 32 64
37432 32 0 48 64
37432 48 0 0 64
37433 0 0 16 64
37433 16 0 32 64
37433 32 0 48 64
37433 48 0 0 64
37434 0 0 16 64
37434 16 0 32 64
37434 32 0 48 64
37434 48 0 0 64
37435 0 0 16 64
37435 16 0 32 64
37435 32 0 48 64
37435 48 0 0 64
37436 0 0 16 64
37436 16 0 32 64
37436 32 0 48 64
37436 48 0 0 64
37437 0 0 16 64
37437 16 0 32 64
37437 32 0 48 64
37437 48 0 0 64
37437 0 1 16 64
37437 0 1 32 64
37437 0 1 48 64
37438 0 1 16 64
37438 0 1 32 64
37438 0 1 48 64
37439 0 1 16 64
37439 0 1 32 64
37439 0 1 48 64
37440 0 1 16 64
37440 0 1 32 64
37440 0 1 48 64
37441 0 1 16 64
37441 0 1 32 64
37441 0 1 48 64
37442 0 1 16 64
37442 0 1 32 64
37442 0 1 48 64
37443 0 1 16 64
37443 0 1 32 64
37443 0 1 48 64
37444 0 1 16 64
37444 0 1 32 64
37444 0 1 48 64
38806 0 0 16 64
38806 16 0 32 64
38806 32 0 48 64
38806 48 0 0 64
38807 0 0 16 64
38807 16 0 32 64
38807 32 0 48 64
38807 48 0 0 64
38808 0 0 16 64
38808 16 0 32 64
38808 32 0 48 64
38808 48 0 0 64
38809 0 0 16 64
38809 16 0 32 64
38809 32 0 48 64
38809 48 0 0 64
38810 0 0 16 64
38810 16 0 32 64
38810 32 0 48 64
38810 48 0 0 64
38811 0 0 16 64
38811 16 0 32 64
38811 32 0 48 64
38811 48 0 0 64
38812 0 0 16 64
38812 16 0 32 64
38812 32 0 48 64
38812 48 0 0 64
38813 0 0 16 64
38813 16 0 32 64
38813 32 0 48 64
38813 48 0 0 64
38813 0 1 16 64
38813 0 1 32 64
38813 0 1 48 64
38814 0 1 16 64
38814 0 1 32 64
38814 0 1 48 64
38815 0 1 16 64
38815 0 1 32 64
38815 0 1 48 64
38816 0 1 16 64
38816 0 1 32 64
38816 0 1 48 64
38817 0 1 16 64
38817 0 1 32 64
38817 0 1 48 64
38818 0 1 16 64
38818 0 1 32 64
38818 0 1 48 64
38819 0 1 16 64
38819 0 1 32 64
38819 0 1 48 64
38820 0 1 16 64
38820 0 1 32 64
38820 0 1 48 64
40182 0 0 16 64
40182 16 0 32 64
40182 32 0 48 64
40182 48 0 0 64
40183 0 0 16 64
40183 16 0 32 64
40183 32 0 48 64
40183 48 0 0 64
40184 0 0 16 64
40184 16 0 32 64
40184 32 0 48 64
40184 48 0 0 64
40185 0 0 16 64
40185 16 0 32 64
40185 32 0 48 64
40185 48 0 0 64
40186 0 0 16 64
40186 16 0 32 64
40186 32 0 48 64
40186 48 0 0 64
40187 0 0 16 64
40187 16 0 32 64
40187 32 0 48 64
40187 48 0 0 64
40188 0 0 16 64
40188 16 0 32 64
40188 32 0 48 64
40188 48 0 0 64
40189 0 0 16 64
40189 16 0 32 64
40189 32 0 48 64
40189 48 0 0 64
40189 0 1 16 64
40189 0 1 32 64
40189 0 1 48 64
40190 0 1 16 64
40190 0 1 32 64
40190 0 1 48 64
40191 0 1 16 64
40191 0 1 32 64
40191 0 1 48 64
40192 0 1 16 64
40192 0 1 32 64
40192 0 1 48 64
40193 0 1 16 64
40193 0 1 32 64
40193 0 1 48 64
40194 0 1 16 64
40194 0 1 32 64
40194 0 1 48 64
40195 0 1 16 64
40195 0 1 32 64
40195 0 1 48 64
40196 0 1 16 64
40196 0 1 32 64
40196 0 1 48 64
41558 0 0 16 64
41558 16 0 32 64
41558 32 0 48 64
41558 48 0 0 64
41559 0 0 16 64
41559 16 0 32 64
41559 32 0 48 64
41559 48 0 0 64
41560 0 0 16 64
41560 16 0 32 64
41560 32 0 48 64
41560 48 0 0 64
41561 0 0 16 64
41561 16 0 32 64
41561 32 0 48 64
41561 48 0 0 64
41562 0 0 16 64
41562 16 0 32 64
41562 32 0 48 64
41562 48 0 0 64
41563 0 0 16 64
41563 16 0 32 64
41563 32 0 48 64
41563 48 0 0 64
41564 0 0 16 64
41564 16 0 32 64
41564 32 0 48 64
41564 48 0 0 64
41565 0 0 16 64
41565 16 0 32 64
41565 32 0 48 64
41565 48 0 0 64
41565 0 1 16 64
41565 0 1 32 64
41565 0 1 48 64
41566 0 1 16 64
41566 0 1 32 64
41566 0 1 48 64
41567 0 1 16 64
41567 0 1 32 64
41567 0 1 48 64
41568 0 1 16 64
41568 0 1 32 64
41568 0 1 48 64
41569 0 1 16 64
41569 0 1 32 64
41569 0 1 48 64
41570 0 1 16 64
41570 0 1 32 64
41570 0 1 48 64
41571 0 1 16 64
41571 0 1 32 64
41571 0 1 48 64
41572 0 1 16 64
41572 0 1 32 64
41572 0 1 48 64
42934 0 0 16 64
42934 16 0 32 64
42934 32 0 48 64
42934 48 0 0 64
42935 0 0 16 64
42935 16 0 32 64
42935 32 0 48 64
42935 48 0 0 64
42936 0 0 16 64
42936 16 0 32 64
42936 32 0 48 64
42936 48 0 0 64
42937 0 0 16 64
42937 16 0 32 64
42937 32 0 48 64
42937 48 0 0 64
42938 0 0 16 64
42938 16 0 32 64
42938 32 0 48 64
42938 48 0 0 64
42939 0 0 16 64
42939 16 0 32 64
42939 32 0 48 64
42939 48 0 0 64
42940 0 0 16 64
42940 16 0 32 64
42940 32 0 48 64
42940 48 0 0 64
42941 0 0 16 64
42941 16 0 32 64
42941 32 0 48 64
42941 48 0 0 64
42941 0 1 16 64
42941 0 1 32 64
42941 0 1 48 64
42942 0 1 16 64
42942 0 1 32 64
42942 0 1 48 64
42943 0 1 16 64
42943 0 1 32 64
42943 0 1 48 64
42944 0 1 16 64
42944 0 1 32 64
42944 0 1 48 64
42945 0 1 16 64
42945 0 1 32 64
42945 0 1 48 64
42946 0 1 16 64
42946 0 1 32 64
42946 0 1 48 64
42947 0 1 16 64
42947 0 1 32 64
42947 0 1 48 64
42948 0 1 16 64
42948 0 1 32 64
42948 0 1 48 64
44310 0 0 16 64
44310 16 0 32 64
44310 32 0 48 64
44310 48 0 0 64
44311 0 0 16 64
44311 16 0 32 64
44311 32 0 48 64
44311 48 0 0 64
44312 0 0 16 64
44312 16 0 32 64
44312 32 0 48 64
44312 48 0 0 64
44313 0 0 16 64
44313 16 0 32 64
44313 32 0 48 64
44313 48 0 0 64
44314 0 0 16 64
44314 16 0 32 64
44314 32 0 48 64
44314 48 0 0 64
44315 0 0 16 64
44315 16 0 32 64
44315 32 0 48 64
44315 48 0 0 64
44316 0 0 16 64
44316 16 0 32 64
44316 32 0 48 64
44316 48 0 0 64
44317 0 0 16 64
44317 16 0 32 64
44317 32 0 48 64
44317 48 0 0 64
44317 0 1 16 64
44317 0 1 32 64
44317 0 1 48 64
44318 0 1 16 64
44318 0 1 32 64
44318 0 1 48 64
44319 0 1 16 64
44319 0 1 32 64
44319 0 1 48 64
44320 0 1 16 64
44320 0 1 32 64
44320 0 1 48 64
44321 0 1 16 64
44321 0 1 32 64
44321 0 1 48 64
44322 0 1 16 64
44322 0 1 32 64
44322 0 1 48 64
44323 0 1 16 64
44323 0 1 32 64
44323 0 1 48 64
44324 0 1 16 64
44324 0 1 32 64
44324 0 1 48 64
45686 0 0 16 64
45686 16 0 32 64
45686 32 0 48 64
45686 48 0 0 64
45687 0 0 16 64
45687 16 0 32 64
45687 32 0 48 64
45687 48 0 0 64
45688 0 0 16 64
45688 16 0 32 64
45688 32 0 48 64
45688 48 0 0 64
45689 0 0 16 64
45689 16 0 32 64
45689 32 0 48 64
45689 48 0 0 64
45690 0 0 16 64
45690 16 0 32 64
45690 32 0 48 64
45690 48 0 0 64
45691 0 0 16 64
45691 16 0 32 64
45691 32 0 48 64
45691 48 0 0 64
45692 0 0 16 64
45692 16 0 32 64
45692 32 0 48 64
45692 48 0 0 64
45693 0 0 16 64
45693 16 0 32 64
45693 32 0 48 64
45693 48 0 0 64
45693 0 1 16 64
45693 0 1 32 64
45693 0 1 48 64
45694 0 1 16 64
45694 0 1 32 64
45694 0 1 48 64
45695 0 1 16 64
45695 0 1 32 64
45695 0 1 48 64
45696 0 1 16 64
45696 0 1 32 64
45696 0 1 48 64
45697 0 1 16 64
45697 0 1 32 64
45697 0 1 48 64
45698 0 1 16 64
45698 0 1 32 64
45698 0 1 48 64
45699 0 1 16 64
45699 0 1 32 64
45699 0 1 48 64
45700 0 1 16 64
45700 0 1 32 64
45700 0 1 48 64
47062 0 0 16 64
47062 16 0 32 64
47062 32 0 48 64
47062 48 0 0 64
47063 0 0 16 64
47063 16 0 32 64
47063 32 0 48 64
47063 48 0 0 64
47064 0 0 16 64
47064 16 0 32 64
47064 32 0 48 64
47064 48 0 0 64
47065 0 0 16 64
47065 16 0 32 64
47065 32 0 48 64
47065 48 0 0 64
47066 0 0 16 64
47066 16 0 32 64
47066 32 0 48 64
47066 48 0 0 64
47067 0 0 16 64
47067 16 0 32 64
47067 32 0 48 64
47067 48 0 0 64
47068 0 0 16 64
47068 16 0 32 64
47068 32 0 48 64
47068 48 0 0 64
47069 0 0 16 64
47069 16 0 32 64
47069 32 0 48 64
47069 48 0 0 64
47069 0 1 16 64
47069 0 1 32 64
47069 0 1 48 64
47070 0 1 16 64
47070 0 1 32 64
47070 0 1 48 64
47071 0 1 16 64
47071 0 1 32 64
47071 0 1 48 64
47072 0 1 16 64
47072 0 1 32 64
47072 0 1 48 64
47073 0 1 16 64
47073 0 1 32 64
47073 0 1 48 64
47074 0 1 16 64
47074 0 1 32 64
47074 0 1 48 64
47075 0 1 16 64
47075 0 1 32 64
47075 0 1 48 64
47076 0 1 16 64
47076 0 1 32 64
47076 0 1 48 64
48438 0 0 16 64
48438 16 0 32 64
48438 32 0 48 64
48438 48 0 0 64
48439 0 0 16 64
48439 16 0 32 64
48439 32 0 48 64
48439 48 0 0 64
48440 0 0 16 64
48440 16 0 32 64
48440 32 0 48 64
48440 48 0 0 64
48441 0 0 16 64
48441 16 0 32 64
48441 32 0 48 64
48441 48 0 0 64
48442 0 0 16 64
48442 16 0 32 64
48442 32 0 48 64
48442 48 0 0 64
48443 0 0 16 64
48443 16 0 32 64
48443 32 0 48 64
48443 48 0 0 64
48444 0 0 16 64
48444 16 0 32 64
48444 32 0 48 64
48444 48 0 0 64
48445 0 0 16 64
48445 16 0 32 64
48445 32 0 48 64
48445 48 0 0 64
48445 0 1 16 64
48445 0 1 32 64
48445 0 1 48 64
48446 0 1 16 64
48446 0 1 32 64
48446 0 1 48 64
48447 0 1 16 64
48447 0 1 32 64
48447 0 1 48 64
48448 0 1 16 64
48448 0 1 32 64
48448 0 1 48 64
48449 0 1 16 64
48449 0 1 32 64
48449 0 1 48 64
48450 0 1 16 64
48450 0 1 32 64
48450 0 1 48 64
48451 0 1 16 64
48451 0 1 32 64
48451 0 1 48 64
48452 0 1 16 64
48452 0 1 32 64
48452 0 1 48 64
49814 0 0 16 64
49814 16 0 32 64
49814 32 0 48 64
49814 48 0 0 64
49815 0 0 16 64
49815 16 0 32 64
49815 32 0 48 64
49815 48 0 0 64
49816 0 0 16 64
49816 16 0 32 64
49816 32 0 48 64
49816 48 0 0 64
49817 0 0 16 64
49817 16 0 32 64
49817 32 0 48 64
49817 48 0 0 64
49818 0 0 16 64
49818 16 0 32 64
49818 32 0 48 64
49818 48 0 0 64
49819 0 0 16 64
49819 16 0 32 64
49819 32 0 48 64
49819 48 0 0 64
49820 0 0 16 64
49820 16 0 32 64
49820 32 0 48 64
49820 48 0 0 64
49821 0 0 16 64
49821 16 0 32 64
49821 32 0 48 64
49821 48 0 0 64
49821 0 1 16 64
49821 0 1 32 64
49821 0 1 48 64
49822 0 1 16 64
49822 0 1 32 64
49822 0 1 48 64
49823 0 1 16 64
49823 0 1 32 64
49823 0 1 48 64
49824 0 1 16 64
49824 0 1 32 64
49824 0 1 48 64
49825 0 1 16 64
49825 0 1 32 64
49825 0 1 48 64
49826 0 1 16 64
49826 0 1 32 64
49826 0 1 48 64
49827 0 1 16 64
49827 0 1 32 64
49827 0 1 48 64
49828 0 1 16 64
49828 0 1 32 64
49828 0 1 48 64
51190 0 0 16 64
51190 16 0 32 64
51190 32 0 48 64
51190 48 0 0 64
51191 0 0 16 64
51191 16 0 32 64
51191 32 0 48 64
51191 48 0 0 64
51192 0 0 16 64
51192 16 0 32 64
51192 32 0 48 64
51192 48 0 0 64
51193 0 0 16 64
51193 16 0 32 64
51193 32 0 48 64
51193 48 0 0 64
51194 0 0 16 64
51194 16 0 32 64
51194 32 0 48 64
51194 48 0 0 64
51195 0 0 16 64
51195 16 0 32 64
51195 32 0 48 64
51195 48 0 0 64
51196 0 0 16 64
51196 16 0 32 64
51196 32 0 48 64
51196 48 0 0 64
51197 0 0 16 64
51197 16 0 32 64
51197 32 0 48 64
51197 48 0 0 64
51197 0 1 16 64
51197 0 1 32 64
51197 0 1 48 64
51198 0 1 16 64
51198 0 1 32 64
51198 0 1 48 64
51199 0 1 16 64
51199 0 1 32 64
51199 0 1 48 64
51200 0 1 16 64
51200 0 1 32 64
51200 0 1 48 64
51201 0 1 16 64
51201 0 1 32 64
51201 0 1 48 64
51202 0 1 16 64
51202 0 1 32 64
51202 0 1 48 64
51203 0 1 16 64
51203 0 1 32 64
51203 0 1 48 64
51204 0 1 16 64
51204 0 1 32 64
51204 0 1 48 64
52566 0 0 16 64
52566 16 0 32 64
52566 32 0 48 64
52566 48 0 0 64
52567 0 0 16 64
52567 16 0 32 64
52567 32 0 48 64
52567 48 0 0 64
52568 0 0 16 64
52568 16 0 32 64
52568 32 0 48 64
52568 48 0 0 64
52569 0 0 16 64
52569 16 0 32 64
52569 32 0 48 64
52569 48 0 0 64
52570 0 0 16 64
52570 16 0 32 64
52570 32 0 48 64
52570 48 0 0 64
52571 0 0 16 64
52571 16 0 32 64
52571 32 0 48 64
52571 48 0 0 64
52572 0 0 16 64
52572 16 0 32 64
52572 32 0 48 64
52572 48 0 0 64
52573 0 0 16 64
52573 16 0 32 64
52573 32 0 48 64
52573 48 0 0 64
52573 0 1 16 64
52573 0 1 32 64
52573 0 1 48 64
52574 0 1 16 64
52574 0 1 32 64
52574 0 1 48 64
52575 0 1 16 64
52575 0 1 32 64
52575 0 1 48 64
52576 0 1 16 64
52576 0 1 32 64
52576 0 1 48 64
52577 0 1 16 64
52577 0 1 32 64
52577 0 1 48 64
52578 0 1 16 64
52578 0 1 32 64
52578 0 1 48 64
52579 0 1 16 64
52579 0 1 32 64
52579 0 1 48 64
52580 0 1 16 64
52580 0 1 32 64
52580 0 1 48 64
53942 0 0 16 64
53942 16 0 32 64
53942 32 0 48 64
53942 48 0 0 64
53943 0 0 16 64
53943 16 0 32 64
53943 32 0 48 64
53943 48 0 0 64
53944 0 0 16 64
53944 16 0 32 64
53944 32 0 48 64
53944 48 0 0 64
53945 0 0 16 64
53945 16 0 32 64
53945 32 0 48 64
53945 48 0 0 64
53946 0 0 16 64
53946 16 0 32 64
53946 32 0 48 64
53946 48 0 0 64
53947 0 0 16 64
53947 16 0 32 64
53947 32 0 48 64
53947 48 0 0 64
53948 0 0 16 64
53948 16 0 32 64
53948 32 0 48 64
53948 48 0 0 64
53949 0 0 16 64
53949 16 0 32 64
53949 32 0 48 64
53949 48 0 0 64
53949 0 1 16 64
53949 0 1 32 64
53949 0 1 48 64
53950 0 1 16 64
53950 0 1 32 64
53950 0 1 48 64
53951 0 1 16 64
53951 0 1 32 64
53951 0 1 48 64
53952 0 1 16 64
53952 0 1 32 64
53952 0 1 48 64
53953 0 1 16 64
53953 0 1 32 64
53953 0 1 48 64
53954 0 1 16 64
53954 0 1 32 64
53954 0 1 48 64
53955 0 1 16 64
53955 0 1 32 64
53955 0 1 48 64
53956 0 1 16 64
53956 0 1 32 64
53956 0 1 48 64
55318 0 0 16 64
55318 16 0 32 64
55318 32 0 48 64
55318 48 0 0 64
55319 0 0 16 64
55319 16 0 32 64
55319 32 0 48 64
55319 48 0 0 64
55320 0 0 16 64
55320 16 0 32 64
55320 32 0 48 64
55320 48 0 0 64
55321 0 0 16 64
55321 16 0 32 64
55321 32 0 48 64
55321 48 0 0 64
55322 0 0 16 64
55322 16 0 32 64
55322 32 0 48 64
55322 48 0 0 64
55323 0 0 16 64
55323 16 0 32 64
55323 32 0 48 64
55323 48 0 0 64
55324 0 0 16 64
55324 16 0 32 64
55324 32 0 48 64
55324 48 0 0 64
55325 0 0 16 64
55325 16 0 32 64
55325 32 0 48 64
55325 48 0 0 64
55325 0 1 16 64
55325 0 1 32 64
55325 0 1 48 64
55326 0 1 16 64
55326 0 1 32 64
55326 0 1 48 64
55327 0 1 16 64
55327 0 1 32 64
55327 0 1 48 64
55328 0 1 16 64
55328 0 1 32 64
55328 0 1 48 64
55329 0 1 16 64
55329 0 1 32 64
55329 0 1 48 64
55330 0 1 16 64
55330 0 1 32 64
55330 0 1 48 64
55331 0 1 16 64
55331 0 1 32 64
55331 0 1 48 64
55332 0 1 16 64
55332 0 1 32 64
55332 0 1 48 64
56694 0 0 16 64
56694 16 0 32 64
56694 32 0 48 64
56694 48 0 0 64
56695 0 0 16 64
56695 16 0 32 64
56695 32 0 48 64
56695 48 0 0 64
56696 0 0 16 64
56696 16 0 32 64
56696 32 0 48 64
56696 48 0 0 64
56697 0 0 16 64
56697 16 0 32 64
56697 32 0 48 64
56697 48 0 0 64
56698 0 0 16 64
56698 16 0 32 64
56698 32 0 48 64
56698 48 0 0 64
56699 0 0 16 64
56699 16 0 32 64
56699 32 0 48 64
56699 48 0 0 64
56700 0 0 16 64
56700 16 0 32 64
56700 32 0 48 64
56700 48 0 0 64
56701 0 0 16 64
56701 16 0 32 64
56701 32 0 48 64
56701 48 0 0 64
56701 0 1 16 64
56701 0 1 32 64
56701 0 1 48 64
56702 0 1 16 64
56702 0 1 32 64
56702 0 1 48 64
56703 0 1 16 64
56703 0 1 32 64
56703 0 1 48 64
56704 0 1 16 64
56704 0 1 32 64
56704 0 1 48 64
56705 0 1 16 64
56705 0 1 32 64
56705 0 1 48 64
56706 0 1 16 64
56706 0 1 32 64
56706 0 1 48 64
56707 0 1 16 64
56707 0 1 32 64
56707 0 1 48 64
56708 0 1 16 64
56708 0 1 32 64
56708 0 1 48 64
58070 0 0 16 64
58070 16 0 32 64
58070 32 0 48 64
58070 48 0 0 64
58071 0 0 16 64
58071 16 0 32 64
58071 32 0 48 64
58071 48 0 0 64
58072 0 0 16 64
58072 16 0 32 64
58072 32 0 48 64
58072 48 0 0 64
58073 0 0 16 64
58073 16 0 32 64
58073 32 0 48 64
58073 48 0 0 64
58074 0 0 16 64
58074 16 0 32 64
58074 32 0 48 64
58074 48 0 0 64
58075 0 0 16 64
58075 16 0 32 64
58075 32 0 48 64
58075 48 0 0 64
58076 0 0 16 64
58076 16 0 32 64
58076 32 0 48 64
58076 48 0 0 64
58077 0 0 16 64
58077 16 0 32 64
58077 32 0 48 64
58077 48 0 0 64
58077 0 1 16 64
58077 0 1 32 64
58077 0 1 48 64
58078 0 1 16 64
58078 0 1 32 64
58078 0 1 48 64
58079 0 1 16 64
58079 0 1 32 64
58079 0 1 48 64
58080 0 1 16 64
58080 0 1 32 64
58080 0 1 48 64
58081 0 1 16 64
58081 0 1 32 64
58081 0 1 48 64
58082 0 1 16 64
58082 0 1 32 64
58082 0 1 48 64
58083 0 1 16 64
58083 0 1 32 64
58083 0 1 48 64
58084 0 1 16 64
58084 0 1 32 64
58084 0 1 48 64
59446 0 0 16 64
59446 16 0 32 64
59446 32 0 48 64
59446 48 0 0 64
59447 0 0 16 64
59447 16 0 32 64
59447 32 0 48 64
59447 48 0 0 64
59448 0 0 16 64
59448 16 0 32 64
59448 32 0 48 64
59448 48 0 0 64
59449 0 0 16 64
59449 16 0 32 64
59449 32 0 48 64
59449 48 0 0 64
59450 0 0 16 64
59450 16 0 32 64
59450 32 0 48 64
59450 48 0 0 64
59451 0 0 16 64
59451 16 0 32 64
59451 32 0 48 64
59451 48 0 0 64
59452 0 0 16 64
59452 16 0 32 64
59452 32 0 48 64
59452 48 0 0 64
59453 0 0 16 64
59453 16 0 32 64
59453 32 0 48 64
59453 48 0 0 64
59453 0 1 16 64
59453 0 1 32 64
59453 0 1 48 64
59454 0 1 16 64
59454 0 1 32 64
59454 0 1 48 64
59455 0 1 16 64
59455 0 1 32 64
59455 0 1 48 64
59456 0 1 16 64
59456 0 1 32 64
59456 0 1 48 64
59457 0 1 16 64
59457 0 1 32 64
59457 0 1 48 64
59458 0 1 16 64
59458 0 1 32 64
59458 0 1 48 64
59459 0 1 16 64
59459 0 1 32 64
59459 0 1 48 64
59460 0 1 16 64
59460 0 1 32 64
59460 0 1 48 64
60822 0 0 16 64
60822 16 0 32 64
60822 32 0 48 64
60822 48 0 0 64
60823 0 0 16 64
60823 16 0 32 64
60823 32 0 48 64
60823 48 0 0 64
60824 0 0 16 64
60824 16 0 32 64
60824 32 0 48 64
60824 48 0 0 64
60825 0 0 16 64
60825 16 0 32 64
60825 32 0 48 64
60825 48 0 0 64
60826 0 0 16 64
60826 16 0 32 64
60826 32 0 48 64
60826 48 0 0 64
60827 0 0 16 64
60827 16 0 32 64
60827 32 0 48 64
60827 48 0 0 64
60828 0 0 16 64
60828 16 0 32 64
60828 32 0 48 64
60828 48 0 0 64
60829 0 0 16 64
60829 16 0 32 64
60829 32 0 48 64
60829 48 0 0 64
60829 0 1 16 64
60829 0 1 32 64
60829 0 1 48 64
60830 0 1 16 64
60830 0 1 32 64
60830 0 1 48 64
60831 0 1 16 64
60831 0 1 32 64
60831 0 1 48 64
60832 0 1 16 64
60832 0 1 32 64
60832 0 1 48 64
60833 0 1 16 64
60833 0 1 32 64
60833 0 1 48 64
60834 0 1 16 64
60834 0 1 32 64
60834 0 1 48 64
60835 0 1 16 64
60835 0 1 32 64
60835 0 1 48 64
60836 0 1 16 64
60836 0 1 32 64
60836 0 1 48 64
62198 0 0 16 64
62198 16 0 32 64
62198 32 0 48 64
62198 48 0 0 64
62199 0 0 16 64
62199 16 0 32 64
62199 32 0 48 64
62199 48 0 0 64
62200 0 0 16 64
62200 16 0 32 64
62200 32 0 48 64
62200 48 0 0 64
62201 0 0 16 64
62201 16 0 32 64
62201 32 0 48 64
62201 48 0 0 64
62202 0 0 16 64
62202 16 0 32 64
62202 32 0 48 64
62202 48 0 0 64
62203 0 0 16 64
62203 16 0 32 64
62203 32 0 48 64
62203 48 0 0 64
62204 0 0 16 64
62204 16 0 32 64
62204 32 0 48 64
62204 48 0 0 64
62205 0 0 16 64
62205 16 0 32 64
62205 32 0 48 64
62205 48 0 0 64
62205 0 1 16 64
62205 0 1 32 64
62205 0 1 48 64
62206 0 1 16 64
62206 0 1 32 64
62206 0 1 48 64
62207 0 1 16 64
62207 0 1 32 64
62207 0 1 48 64
62208 0 1 16 64
62208 0 1 32 64
62208 0 1 48 64
62209 0 1 16 64
62209 0 1 32 64
62209 0 1 48 64
62210 0 1 16 64
62210 0 1 32 64
62210 0 1 48 64
62211 0 1 16 64
62211 0 1 32 64
62211 0 1 48 64
62212 0 1 16 64
62212 0 1 32 64
62212 0 1 48 64
63574 0 0 16 64
63574 16 0 32 64
63574 32 0 48 64
63574 48 0 0 64
63575 0 0 16 64
63575 16 0 32 64
63575 32 0 48 64
63575 48 0 0 64
63576 0 0 16 64
63576 16 0 32 64
63576 32 0 48 64
63576 48 0 0 64
63577 0 0 16 64
63577 16 0 32 64
63577 32 0 48 64
63577 48 0 0 64
63578 0 0 16 64
63578 16 0 32 64
63578 32 0 48 64
63578 48 0 0 64
63579 0 0 16 64
63579 16 0 32 64
63579 32 0 48 64
63579 48 0 0 64
63580 0 0 16 64
63580 16 0 32 64
63580 32 0 48 64
63580 48 0 0 64
63581 0 0 16 64
63581 16 0 32 64
63581 32 0 48 64
63581 48 0 0 64
63581 0 1 16 64
63581 0 1 32 64
63581 0 1 48 64
63582 0 1 16 64
63582 0 1 32 64
63582 0 1 48 64
63583 0 1 16 64
63583 0 1 32 64
63583 0 1 48 64
63584 0 1 16 64
63584 0 1 32 64
63584 0 1 48 64
63585 0 1 16 64
63585 0 1 32 64
63585 0 1 48 64
63586 0 1 16 64
63586 0 1 32 64
63586 0 1 48 64
63587 0 1 16 64
63587 0 1 32 64
63587 0 1 48 64
63588 0 1 16 64
63588 0 1 32 64
63588 0 1 48 64
64950 0 0 16 64
64950 16 0 32 64
64950 32 0 48 64
64950 48 0 0 64
64951 0 0 16 64
64951 16 0 32 64
64951 32 0 48 64
64951 48 0 0 64
64952 0 0 16 64
64952 16 0 32 64
64952 32 0 48 64
64952 48 0 0 64
64953 0 0 16 64
64953 16 0 32 64
64953 32 0 48 64
64953 48 0 0 64
64954 0 0 16 64
64954 16 0 32 64
64954 32 0 48 64
64954 48 0 0 64
64955 0 0 16 64
64955 16 0 32 64
64955 32 0 48 64
64955 48 0 0 64
64956 0 0 16 64
64956 16 0 32 64
64956 32 0 48 64
64956 48 0 0 64
64957 0 0 16 64
64957 16 0 32 64
64957 32 0 48 64
64957 48 0 0 64
64957 0 1 16 64
64957 0 1 32 64
64957 0 1 48 64
64958 0 1 16 64
64958 0 1 32 64
64958 0 1 48 64
64959 0 1 16 64
64959 0 1 32 64
64959 0 1 48 64
64960 0 1 16 64
64960 0 1 32 64
64960 0 1 48 64
64961 0 1 16 64
64961 0 1 32 64
64961 0 1 48 64
64962 0 1 16 64
64962 0 1 32 64
64962 0 1 48 64
64963 0 1 16 64
64963 0 1 32 64
64963 0 1 48 64
64964 0 1 16 64
64964 0 1 32 64
64964 0 1 48 64
